
Memory Configuration

Name             Origin             Length             Attributes
*default*        0x0000000000000000 0xffffffffffffffff

Linker script and memory map

Address of section .text set to 0x0
LOAD C:\Users\bwodok\AppData\Local\Temp\a.mingw.elf.PnSlwN.ltrans0.ltrans.o
LOAD C:\Users\bwodok\AppData\Local\Temp\ccuBkWNu.debug.temp.o
LOAD C:\Users\bwodok\AppData\Local\Temp\ccurNUqy.debug.temp.o
LOAD obj/gcc8_a_support.o
                [!provide]                        PROVIDE (__executable_start = SEGMENT_START ("text-segment", 0x80000000))
                0x0000000080000074                . = (SEGMENT_START ("text-segment", 0x80000000) + SIZEOF_HEADERS)

.interp
 *(.interp)

.note.gnu.build-id
 *(.note.gnu.build-id)

.hash
 *(.hash)

.gnu.hash
 *(.gnu.hash)

.dynsym
 *(.dynsym)

.dynstr
 *(.dynstr)

.gnu.version
 *(.gnu.version)

.gnu.version_d
 *(.gnu.version_d)

.gnu.version_r
 *(.gnu.version_r)

.rela.dyn       0x0000000080000074        0x0
 *(.rela.init)
 *(.rela.text .rela.text.* .rela.gnu.linkonce.t.*)
 *(.rela.fini)
 *(.rela.rodata .rela.rodata.* .rela.gnu.linkonce.r.*)
 *(.rela.data .rela.data.* .rela.gnu.linkonce.d.*)
 *(.rela.tdata .rela.tdata.* .rela.gnu.linkonce.td.*)
 *(.rela.tbss .rela.tbss.* .rela.gnu.linkonce.tb.*)
 *(.rela.ctors)
 *(.rela.dtors)
 *(.rela.got)
 *(.rela.bss .rela.bss.* .rela.gnu.linkonce.b.*)
                [!provide]                        PROVIDE (__rela_iplt_start = .)
 *(.rela.iplt)
                [!provide]                        PROVIDE (__rela_iplt_end = .)

.rela.plt
 *(.rela.plt)

.init
 *(SORT_NONE(.init))

.plt
 *(.plt)

.iplt
 *(.iplt)

.text           0x0000000000000000      0x7a8
 *(.text.unlikely .text.*_unlikely .text.unlikely.*)
 .text.unlikely
                0x0000000000000000       0x74 C:\Users\bwodok\AppData\Local\Temp\a.mingw.elf.PnSlwN.ltrans0.ltrans.o
                0x0000000000000000                _start
 *(.text.exit .text.exit.*)
 *(.text.startup .text.startup.*)
 .text.startup  0x0000000000000074      0x340 C:\Users\bwodok\AppData\Local\Temp\a.mingw.elf.PnSlwN.ltrans0.ltrans.o
                0x0000000000000074                main
 *(.text.hot .text.hot.*)
 *(SORT_BY_NAME(.text.sorted.*))
 *(.text .stub .text.* .gnu.linkonce.t.*)
 .text          0x00000000000003b4      0x2e8 C:\Users\bwodok\AppData\Local\Temp\a.mingw.elf.PnSlwN.ltrans0.ltrans.o
                0x000000000000052e                strlen
                0x0000000000000542                memset
                0x0000000000000610                memcpy
 .text          0x000000000000069c      0x10c obj/gcc8_a_support.o
                0x000000000000069c                __mulsi3
                0x00000000000006be                __udivsi3
                0x000000000000071a                __divsi3
                0x0000000000000744                __modsi3
                0x000000000000076c                __umodsi3
                0x0000000000000796                KPutCharX
                0x00000000000007a4                PutChar
 *(.gnu.warning)

.fini
 *(SORT_NONE(.fini))
                [!provide]                        PROVIDE (__etext = .)
                [!provide]                        PROVIDE (_etext = .)
                [!provide]                        PROVIDE (etext = .)

.rodata         0x00000000000007a8      0x112
 *(.rodata .rodata.* .gnu.linkonce.r.*)
 .rodata        0x00000000000007a8      0x112 C:\Users\bwodok\AppData\Local\Temp\a.mingw.elf.PnSlwN.ltrans0.ltrans.o
                0x00000000000007a8                incbin_colors_start
                0x0000000000000828                incbin_colors_end

.rodata1
 *(.rodata1)

.eh_frame_hdr
 *(.eh_frame_hdr)
 *(.eh_frame_entry .eh_frame_entry.*)

.eh_frame
 *(.eh_frame)
 *(.eh_frame.*)

.gcc_except_table
 *(.gcc_except_table .gcc_except_table.*)

.gnu_extab
 *(.gnu_extab*)

.exception_ranges
 *(.exception_ranges*)
                0x00000000000028ba                . = DATA_SEGMENT_ALIGN (CONSTANT (MAXPAGESIZE), CONSTANT (COMMONPAGESIZE))

.eh_frame
 *(.eh_frame)
 *(.eh_frame.*)

.gnu_extab
 *(.gnu_extab)

.gcc_except_table
 *(.gcc_except_table .gcc_except_table.*)

.exception_ranges
 *(.exception_ranges*)

.tdata          0x00000000000028ba        0x0
                [!provide]                        PROVIDE (__tdata_start = .)
 *(.tdata .tdata.* .gnu.linkonce.td.*)

.tbss
 *(.tbss .tbss.* .gnu.linkonce.tb.*)
 *(.tcommon)

.preinit_array  0x00000000000028ba        0x0
                0x00000000000028ba                PROVIDE (__preinit_array_start = .)
 *(.preinit_array)
                0x00000000000028ba                PROVIDE (__preinit_array_end = .)

.init_array     0x00000000000028ba        0x0
                0x00000000000028ba                PROVIDE (__init_array_start = .)
 *(SORT_BY_INIT_PRIORITY(.init_array.*) SORT_BY_INIT_PRIORITY(.ctors.*))
 *(.init_array EXCLUDE_FILE(*crtend?.o *crtend.o *crtbegin?.o *crtbegin.o) .ctors)
                0x00000000000028ba                PROVIDE (__init_array_end = .)

.fini_array     0x00000000000028ba        0x0
                0x00000000000028ba                PROVIDE (__fini_array_start = .)
 *(SORT_BY_INIT_PRIORITY(.fini_array.*) SORT_BY_INIT_PRIORITY(.dtors.*))
 *(.fini_array EXCLUDE_FILE(*crtend?.o *crtend.o *crtbegin?.o *crtbegin.o) .dtors)
                0x00000000000028ba                PROVIDE (__fini_array_end = .)

.ctors
 *crtbegin.o(.ctors)
 *crtbegin?.o(.ctors)
 *(EXCLUDE_FILE(*crtend?.o *crtend.o) .ctors)
 *(SORT_BY_NAME(.ctors.*))
 *(.ctors)

.dtors
 *crtbegin.o(.dtors)
 *crtbegin?.o(.dtors)
 *(EXCLUDE_FILE(*crtend?.o *crtend.o) .dtors)
 *(SORT_BY_NAME(.dtors.*))
 *(.dtors)

.jcr
 *(.jcr)

.data.rel.ro
 *(.data.rel.ro.local* .gnu.linkonce.d.rel.ro.local.*)
 *(.data.rel.ro .data.rel.ro.* .gnu.linkonce.d.rel.ro.*)

.dynamic
 *(.dynamic)
                0x00000000000028ba                . = DATA_SEGMENT_RELRO_END (., 0x0)

.got
 *(.got.plt)
 *(.igot.plt)
 *(.got)
 *(.igot)

.data           0x00000000000028bc        0x0
 *(.data .data.* .gnu.linkonce.d.*)
 .data          0x00000000000028bc        0x0 C:\Users\bwodok\AppData\Local\Temp\a.mingw.elf.PnSlwN.ltrans0.ltrans.o
 .data          0x00000000000028bc        0x0 obj/gcc8_a_support.o

.data1
 *(.data1)
                0x00000000000028bc                _edata = .
                [!provide]                        PROVIDE (edata = .)
                0x00000000000028bc                . = .
                0x00000000000028bc                __bss_start = .

.bss            0x00000000000028bc       0x28
 *(.dynbss)
 *(.bss .bss.* .gnu.linkonce.b.*)
 .bss           0x00000000000028bc       0x26 C:\Users\bwodok\AppData\Local\Temp\a.mingw.elf.PnSlwN.ltrans0.ltrans.o
 *fill*         0x00000000000028e2        0x2 
 .bss           0x00000000000028e4        0x0 obj/gcc8_a_support.o
 *(COMMON)
                0x00000000000028e4                . = ALIGN ((. != 0x0)?0x4:0x1)
                0x00000000000028e4                . = ALIGN (0x4)
                0x00000000000028e4                . = SEGMENT_START ("ldata-segment", .)
                0x00000000000028e4                . = ALIGN (0x4)
                0x00000000000028e4                _end = .
                [!provide]                        PROVIDE (end = .)
                0x00000000000028e4                . = DATA_SEGMENT_END (.)

.stab
 *(.stab)

.stabstr
 *(.stabstr)

.stab.excl
 *(.stab.excl)

.stab.exclstr
 *(.stab.exclstr)

.stab.index
 *(.stab.index)

.stab.indexstr
 *(.stab.indexstr)

.comment        0x0000000000000000       0x12
 *(.comment)
 .comment       0x0000000000000000       0x12 C:\Users\bwodok\AppData\Local\Temp\a.mingw.elf.PnSlwN.ltrans0.ltrans.o
                                         0x13 (size before relaxing)
 .comment       0x0000000000000012       0x13 C:\Users\bwodok\AppData\Local\Temp\ccuBkWNu.debug.temp.o
 .comment       0x0000000000000012       0x13 C:\Users\bwodok\AppData\Local\Temp\ccurNUqy.debug.temp.o

.gnu.build.attributes
 *(.gnu.build.attributes .gnu.build.attributes.*)

.debug
 *(.debug)

.line
 *(.line)

.debug_srcinfo
 *(.debug_srcinfo)

.debug_sfnames
 *(.debug_sfnames)

.debug_aranges  0x0000000000000000       0x50
 *(.debug_aranges)
 .debug_aranges
                0x0000000000000000       0x30 C:\Users\bwodok\AppData\Local\Temp\a.mingw.elf.PnSlwN.ltrans0.ltrans.o
 .debug_aranges
                0x0000000000000030       0x20 obj/gcc8_a_support.o

.debug_pubnames
 *(.debug_pubnames)

.debug_info     0x0000000000000000     0x50d6
 *(.debug_info .gnu.linkonce.wi.*)
 .debug_info    0x0000000000000000      0xc89 C:\Users\bwodok\AppData\Local\Temp\a.mingw.elf.PnSlwN.ltrans0.ltrans.o
 .debug_info    0x0000000000000c89     0x3dcc C:\Users\bwodok\AppData\Local\Temp\ccuBkWNu.debug.temp.o
                0x0000000000000c89                main.c.20ba3837
 .debug_info    0x0000000000004a55      0x65b C:\Users\bwodok\AppData\Local\Temp\ccurNUqy.debug.temp.o
                0x0000000000004a55                gcc8_c_support.c.90f89dfa
 .debug_info    0x00000000000050b0       0x26 obj/gcc8_a_support.o

.debug_abbrev   0x0000000000000000      0x48c
 *(.debug_abbrev)
 .debug_abbrev  0x0000000000000000      0x117 C:\Users\bwodok\AppData\Local\Temp\a.mingw.elf.PnSlwN.ltrans0.ltrans.o
 .debug_abbrev  0x0000000000000117      0x239 C:\Users\bwodok\AppData\Local\Temp\ccuBkWNu.debug.temp.o
 .debug_abbrev  0x0000000000000350      0x128 C:\Users\bwodok\AppData\Local\Temp\ccurNUqy.debug.temp.o
 .debug_abbrev  0x0000000000000478       0x14 obj/gcc8_a_support.o

.debug_line     0x0000000000000000     0x1ead
 *(.debug_line .debug_line.* .debug_line_end)
 .debug_line    0x0000000000000000     0x17fd C:\Users\bwodok\AppData\Local\Temp\a.mingw.elf.PnSlwN.ltrans0.ltrans.o
 .debug_line    0x00000000000017fd      0x46c C:\Users\bwodok\AppData\Local\Temp\ccuBkWNu.debug.temp.o
 .debug_line    0x0000000000001c69      0x154 C:\Users\bwodok\AppData\Local\Temp\ccurNUqy.debug.temp.o
 .debug_line    0x0000000000001dbd       0xf0 obj/gcc8_a_support.o

.debug_frame    0x0000000000000000      0x244
 *(.debug_frame)
 .debug_frame   0x0000000000000000      0x244 C:\Users\bwodok\AppData\Local\Temp\a.mingw.elf.PnSlwN.ltrans0.ltrans.o

.debug_str      0x0000000000000000      0x219
 *(.debug_str)
 .debug_str     0x0000000000000000        0x0 C:\Users\bwodok\AppData\Local\Temp\a.mingw.elf.PnSlwN.ltrans0.ltrans.o
 .debug_str     0x0000000000000000      0x111 C:\Users\bwodok\AppData\Local\Temp\ccuBkWNu.debug.temp.o
 .debug_str     0x0000000000000111       0x5c C:\Users\bwodok\AppData\Local\Temp\ccurNUqy.debug.temp.o
 .debug_str     0x000000000000016d       0xac obj/gcc8_a_support.o

.debug_loc      0x0000000000000000      0x66d
 *(.debug_loc)
 .debug_loc     0x0000000000000000      0x66d C:\Users\bwodok\AppData\Local\Temp\a.mingw.elf.PnSlwN.ltrans0.ltrans.o

.debug_macinfo
 *(.debug_macinfo)

.debug_weaknames
 *(.debug_weaknames)

.debug_funcnames
 *(.debug_funcnames)

.debug_typenames
 *(.debug_typenames)

.debug_varnames
 *(.debug_varnames)

.debug_pubtypes
 *(.debug_pubtypes)

.debug_ranges   0x0000000000000000       0xa8
 *(.debug_ranges)
 .debug_ranges  0x0000000000000000       0xa8 C:\Users\bwodok\AppData\Local\Temp\a.mingw.elf.PnSlwN.ltrans0.ltrans.o

.debug_macro
 *(.debug_macro)

.debug_addr
 *(.debug_addr)

.gnu.attributes
 *(.gnu.attributes)

/DISCARD/
 *(.note.GNU-stack)
 *(.gnu_debuglink)
 *(.gnu.lto_*)
OUTPUT(a.mingw.elf elf32-m68k)
